com.hedera.hashgraph.sdk.AccountInfoTest.fromBytes=[
  "AccountInfo{accountId=0.0.1, contractAccountId=, deleted=true, proxyAccountId=0.0.8, proxyReceived=2 tℏ, key=302a300506032b6570032100e0c8ec2758a5879ffac226a13c0c516b799e72e35141a0dd828f94d37988a4b7, balance=3 tℏ, sendRecordThreshold=4 tℏ, receiveRecordThreshold=5 tℏ, receiverSignatureRequired=true, expirationTime=1970-01-01T00:00:00.006Z, autoRenewPeriod=PT168H, liveHashes=[LiveHash{accountId=0.0.10, hash=[0, 1, 2], keys=KeyList{threshold=null, keys=[302a300506032b6570032100e0c8ec2758a5879ffac226a13c0c516b799e72e35141a0dd828f94d37988a4b7]}, duration=PT264H}], tokenRelationships={}, accountMemo=, ownedNfts=0, maxAutomaticTokenAssociations=0, aliasKey=null, ledgerId=previewnet, ethereumNonce=1001, stakingInfo=null}"
]


com.hedera.hashgraph.sdk.AccountInfoTest.fromProtobufWithOtherOptions=[
  "AccountInfo{accountId=0.0.1, contractAccountId=, deleted=true, proxyAccountId=0.0.8, proxyReceived=2 tℏ, key=302a300506032b6570032100e0c8ec2758a5879ffac226a13c0c516b799e72e35141a0dd828f94d37988a4b7, balance=3 tℏ, sendRecordThreshold=4 tℏ, receiveRecordThreshold=5 tℏ, receiverSignatureRequired=true, expirationTime=1970-01-01T00:00:00.006Z, autoRenewPeriod=PT168H, liveHashes=[LiveHash{accountId=0.0.10, hash=[0, 1, 2], keys=KeyList{threshold=null, keys=[302a300506032b6570032100e0c8ec2758a5879ffac226a13c0c516b799e72e35141a0dd828f94d37988a4b7]}, duration=PT264H}], tokenRelationships={}, accountMemo=, ownedNfts=0, maxAutomaticTokenAssociations=0, aliasKey=null, ledgerId=previewnet, ethereumNonce=1001, stakingInfo=null}"
]


com.hedera.hashgraph.sdk.AccountInfoTest.toBytes=[
  "CgIYARgBIgIYCDACOiISIODI7CdYpYef+sImoTwMUWt5nnLjUUGg3YKPlNN5iKS3QANIBFAFWAFiBRCAm+4CagQIgPUkcjUKAhgKEgMAAQIaJAoiEiDgyOwnWKWHn/rCJqE8DFFreZ5y41FBoN2Cj5TTeYiktyoECICBOqIBAQKoAekH"
]


com.hedera.hashgraph.sdk.AccountInfoTest.toProtobuf=[
  {
    "memoizedHashCode": 0,
    "unknownFields": {
      "count": 0,
      "tags": [ ],
      "objects": [ ],
      "memoizedSerializedSize": 0,
      "isMutable": false
    },
    "memoizedSerializedSize": -1,
    "accountID_": {
      "memoizedHashCode": 0,
      "unknownFields": {
        "count": 0,
        "tags": [ ],
        "objects": [ ],
        "memoizedSerializedSize": 0,
        "isMutable": false
      },
      "memoizedSerializedSize": -1,
      "accountCase_": 3,
      "account_": 1,
      "shardNum_": 0,
      "realmNum_": 0,
      "initialized": true
    },
    "contractAccountID_": "",
    "deleted_": true,
    "proxyAccountID_": {
      "memoizedHashCode": 0,
      "unknownFields": {
        "count": 0,
        "tags": [ ],
        "objects": [ ],
        "memoizedSerializedSize": 0,
        "isMutable": false
      },
      "memoizedSerializedSize": -1,
      "accountCase_": 3,
      "account_": 8,
      "shardNum_": 0,
      "realmNum_": 0,
      "initialized": true
    },
    "proxyReceived_": 2,
    "key_": {
      "memoizedHashCode": 0,
      "unknownFields": {
        "count": 0,
        "tags": [ ],
        "objects": [ ],
        "memoizedSerializedSize": 0,
        "isMutable": false
      },
      "memoizedSerializedSize": -1,
      "keyCase_": 2,
      "key_": {
        "hash": 0,
        "bytes": "4MjsJ1ilh5/6wiahPAxRa3mecuNRQaDdgo+U03mIpLc=",
        "validUtf8": false,
        "empty": false
      },
      "initialized": true
    },
    "balance_": 3,
    "generateSendRecordThreshold_": 4,
    "generateReceiveRecordThreshold_": 5,
    "receiverSigRequired_": true,
    "expirationTime_": {
      "memoizedHashCode": 0,
      "unknownFields": {
        "count": 0,
        "tags": [ ],
        "objects": [ ],
        "memoizedSerializedSize": 0,
        "isMutable": false
      },
      "memoizedSerializedSize": -1,
      "seconds_": 0,
      "nanos_": 6000000,
      "initialized": true
    },
    "autoRenewPeriod_": {
      "memoizedHashCode": 0,
      "unknownFields": {
        "count": 0,
        "tags": [ ],
        "objects": [ ],
        "memoizedSerializedSize": 0,
        "isMutable": false
      },
      "memoizedSerializedSize": -1,
      "seconds_": 604800,
      "initialized": true
    },
    "liveHashes_": [
      {
        "memoizedHashCode": 0,
        "unknownFields": {
          "count": 0,
          "tags": [ ],
          "objects": [ ],
          "memoizedSerializedSize": 0,
          "isMutable": false
        },
        "memoizedSerializedSize": -1,
        "accountId_": {
          "memoizedHashCode": 0,
          "unknownFields": {
            "count": 0,
            "tags": [ ],
            "objects": [ ],
            "memoizedSerializedSize": 0,
            "isMutable": false
          },
          "memoizedSerializedSize": -1,
          "accountCase_": 3,
          "account_": 10,
          "shardNum_": 0,
          "realmNum_": 0,
          "initialized": true
        },
        "hash_": {
          "hash": 0,
          "bytes": "AAEC",
          "validUtf8": true,
          "empty": false
        },
        "keys_": {
          "memoizedHashCode": 0,
          "unknownFields": {
            "count": 0,
            "tags": [ ],
            "objects": [ ],
            "memoizedSerializedSize": 0,
            "isMutable": false
          },
          "memoizedSerializedSize": -1,
          "keys_": [
            {
              "memoizedHashCode": 0,
              "unknownFields": {
                "count": 0,
                "tags": [ ],
                "objects": [ ],
                "memoizedSerializedSize": 0,
                "isMutable": false
              },
              "memoizedSerializedSize": -1,
              "keyCase_": 2,
              "key_": {
                "hash": 0,
                "bytes": "4MjsJ1ilh5/6wiahPAxRa3mecuNRQaDdgo+U03mIpLc=",
                "validUtf8": false,
                "empty": false
              },
              "initialized": true
            }
          ],
          "initialized": true
        },
        "duration_": {
          "memoizedHashCode": 0,
          "unknownFields": {
            "count": 0,
            "tags": [ ],
            "objects": [ ],
            "memoizedSerializedSize": 0,
            "isMutable": false
          },
          "memoizedSerializedSize": -1,
          "seconds_": 950400,
          "initialized": true
        },
        "initialized": true
      }
    ],
    "tokenRelationships_": [ ],
    "memo_": "",
    "ownedNfts_": 0,
    "maxAutomaticTokenAssociations_": 0,
    "alias_": {
      "hash": 0,
      "bytes": "",
      "validUtf8": true,
      "empty": true
    },
    "ledgerId_": {
      "hash": 0,
      "bytes": "Ag==",
      "validUtf8": true,
      "empty": false
    },
    "ethereumNonce_": 1001,
    "initialized": true
  }
]