com.hedera.hashgraph.sdk.ContractByteCodeQueryTest.shouldSerialize=[
  "# com.hedera.hashgraph.sdk.proto.Query@b01fa486\ncontract_get_bytecode {\n  contract_i_d {\n    contract_num: 5005\n    realm_num: 0\n    shard_num: 0\n  }\n  header {\n  }\n}"
]