com.hedera.hashgraph.sdk.CustomFixedFeeTest.fromProtobuf=[
  "CustomFixedFee{feeCollectorAccountId=null, allCollectorsAreExempt=false, amount=4, demoninatingTokenId=5.6.7}"
]


com.hedera.hashgraph.sdk.CustomFixedFeeTest.toFixedFeeProtobuf=[
  "# com.hedera.hashgraph.sdk.proto.FixedFee@409d860\namount: 4\ndenominating_token_id {\n  realm_num: 6\n  shard_num: 5\n  token_num: 7\n}"
]


com.hedera.hashgraph.sdk.CustomFixedFeeTest.toProtobuf=[
  "# com.hedera.hashgraph.sdk.proto.CustomFee@91885f65\nfixed_fee {\n  amount: 4\n  denominating_token_id {\n    realm_num: 6\n    shard_num: 5\n    token_num: 7\n  }\n}"
]
