com.hedera.hashgraph.sdk.FileInfoTest.fromBytes=[
  "FileInfo{fileId=0.0.1, size=2, expirationTime=1970-01-01T00:00:00.003Z, isDeleted=true, keys=KeyList{threshold=null, keys=[302a300506032b6570032100e0c8ec2758a5879ffac226a13c0c516b799e72e35141a0dd828f94d37988a4b7]}, fileMemo=, ledgerId=mainnet}"
]


com.hedera.hashgraph.sdk.FileInfoTest.fromProtobuf=[
  "FileInfo{fileId=0.0.1, size=2, expirationTime=1970-01-01T00:00:00.003Z, isDeleted=true, keys=KeyList{threshold=null, keys=[302a300506032b6570032100e0c8ec2758a5879ffac226a13c0c516b799e72e35141a0dd828f94d37988a4b7]}, fileMemo=, ledgerId=mainnet}"
]


com.hedera.hashgraph.sdk.FileInfoTest.toBytes=[
  "0a02180110021a0510c08db70120012a240a221220e0c8ec2758a5879ffac226a13c0c516b799e72e35141a0dd828f94d37988a4b73a0100"
]


com.hedera.hashgraph.sdk.FileInfoTest.toProtobuf=[
  "# com.hedera.hashgraph.sdk.proto.FileGetInfoResponse$FileInfo@e51665b9\ndeleted: true\nexpiration_time {\n  nanos: 3000000\n  seconds: 0\n}\nfile_i_d {\n  file_num: 1\n  realm_num: 0\n  shard_num: 0\n}\nkeys {\n  keys {\n    ed25519: \"\\340\\310\\354\\'X\\245\\207\\237\\372\\302&\\241<\\fQky\\236r\\343QA\\240\\335\\202\\217\\224\\323y\\210\\244\\267\"\n  }\n}\nledger_id: \"\\000\"\nsize: 2"
]