com.hedera.hashgraph.sdk.FileCreateTransactionTest.shouldSerialize=[
  "# com.hedera.hashgraph.sdk.proto.TransactionBody\nfile_create {\n  auto_renew_account {\n    account_num: 5007\n    realm_num: 0\n    shard_num: 0\n  }\n  contents: \"\\001\\002\\003\\004\"\n  expiration_time {\n    seconds: 1554158728\n  }\n  keys {\n    keys {\n      ed25519: \"\\340\\310\\354\\'X\\245\\207\\237\\372\\302&\\241<\\fQky\\236r\\343QA\\240\\335\\202\\217\\224\\323y\\210\\244\\267\"\n    }\n  }\n  memo: \"Hello memo\"\n}\nnode_account_i_d {\n  account_num: 5005\n  realm_num: 0\n  shard_num: 0\n}\ntransaction_fee: 100000\ntransaction_i_d {\n  account_i_d {\n    account_num: 5006\n    realm_num: 0\n    shard_num: 0\n  }\n  transaction_valid_start {\n    seconds: 1554158542\n  }\n}\ntransaction_valid_duration {\n  seconds: 120\n}"
]
