com.hedera.hashgraph.sdk.FileContentsQueryTest.shouldSerialize=[
  "# com.hedera.hashgraph.sdk.proto.Query@b01fa486\nfile_get_contents {\n  file_i_d {\n    file_num: 5005\n    realm_num: 0\n    shard_num: 0\n  }\n  header {\n  }\n}"
]