com.hiero.sdk.MessageSubmitTransactionTest.shouldSerialize=[
  "# com.hiero.sdk.proto.TransactionBody\nconsensus_submit_message {\n  message: \"hello\"\n  topic_i_d {\n    realm_num: 0\n    shard_num: 0\n    topic_num: 5007\n  }\n}\nnode_account_i_d {\n  account_num: 5005\n  realm_num: 0\n  shard_num: 0\n}\ntransaction_fee: 100000\ntransaction_i_d {\n  account_i_d {\n    account_num: 5006\n    realm_num: 0\n    shard_num: 0\n  }\n  transaction_valid_start {\n    seconds: 1554158542\n  }\n}\ntransaction_valid_duration {\n  seconds: 120\n}"
]
