com.hedera.hashgraph.sdk.NetworkVersionInfoTest.shouldSerialize=[
  "com.hedera.hashgraph.sdk.NetworkVersionInfo"
]
