com.hedera.hashgraph.sdk.NodeCreateTransactionTest.shouldSerialize=[
  "# com.hedera.hashgraph.sdk.proto.TransactionBody\nnode_account_i_d {\n  account_num: 5005\n  realm_num: 0\n  shard_num: 0\n}\nnode_create {\n  account_id {\n    account_num: 9\n    realm_num: 6\n    shard_num: 0\n  }\n  admin_key {\n    ed25519: \"\\030\\214\\252`\\231\\024#O\\b\\370\\342\\232\\321g\\274\\273\\346\\221}\\211m\\244R\\306\\017\\230\\017j,\\246\\206\\001\"\n  }\n  description: \"Test description\"\n  gossip_ca_certificate: \"\\000\\001\\002\\003\\004\"\n  gossip_endpoint {\n    domain_name: \"0unit.test.com\"\n    ip_address_v4: \"\\000\\001\\002\\003\"\n    port: 42\n  }\n  gossip_endpoint {\n    domain_name: \"1unit.test.com\"\n    ip_address_v4: \"\\000\\001\\002\\003\"\n    port: 43\n  }\n  gossip_endpoint {\n    domain_name: \"2unit.test.com\"\n    ip_address_v4: \"\\000\\001\\002\\003\"\n    port: 44\n  }\n  grpc_certificate_hash: \"\\005\\006\\a\\b\\t\"\n  service_endpoint {\n    domain_name: \"3unit.test.com\"\n    ip_address_v4: \"\\000\\001\\002\\003\"\n    port: 45\n  }\n  service_endpoint {\n    domain_name: \"4unit.test.com\"\n    ip_address_v4: \"\\000\\001\\002\\003\"\n    port: 46\n  }\n  service_endpoint {\n    domain_name: \"5unit.test.com\"\n    ip_address_v4: \"\\000\\001\\002\\003\"\n    port: 47\n  }\n  service_endpoint {\n    domain_name: \"6unit.test.com\"\n    ip_address_v4: \"\\000\\001\\002\\003\"\n    port: 48\n  }\n}\ntransaction_fee: 100000000\ntransaction_i_d {\n  account_i_d {\n    account_num: 5006\n    realm_num: 0\n    shard_num: 0\n  }\n  transaction_valid_start {\n    seconds: 1554158542\n  }\n}\ntransaction_valid_duration {\n  seconds: 120\n}"
]