com.hedera.hashgraph.sdk.ScheduleInfoTest.shouldSerialize=[
  "ScheduleInfo{scheduleId=1.2.3, scheduledTransactionId=0.0.5006.000000000, creatorAccountId=4.5.6, payerAccountId=2.3.4, signatories=KeyList{threshold=null, keys=[302a300506032b6570032100e0c8ec2758a5879ffac226a13c0c516b799e72e35141a0dd828f94d37988a4b7]}, adminKey=302a300506032b6570032100e0c8ec2758a5879ffac226a13c0c516b799e72e35141a0dd828f94d37988a4b7, expirationTime=2019-04-01T22:42:22Z, memo=memo, executedAt=2019-04-01T22:42:22Z, deletedAt=null, ledgerId=testnet, waitForExpiry=true}"
]


com.hedera.hashgraph.sdk.ScheduleInfoTest.shouldSerializeDeleted=[
  "ScheduleInfo{scheduleId=1.2.3, scheduledTransactionId=0.0.5006.000000000, creatorAccountId=4.5.6, payerAccountId=2.3.4, signatories=KeyList{threshold=null, keys=[302a300506032b6570032100e0c8ec2758a5879ffac226a13c0c516b799e72e35141a0dd828f94d37988a4b7]}, adminKey=302a300506032b6570032100e0c8ec2758a5879ffac226a13c0c516b799e72e35141a0dd828f94d37988a4b7, expirationTime=2019-04-01T22:42:22Z, memo=memo, executedAt=null, deletedAt=2019-04-01T22:42:22Z, ledgerId=testnet, waitForExpiry=true}"
]
