com.hedera.hashgraph.sdk.TokenTypeTest.fromProtobuf=[
  "FUNGIBLE_COMMON",
  "NON_FUNGIBLE_UNIQUE"
]


com.hedera.hashgraph.sdk.TokenTypeTest.toProtobuf=[
  "FUNGIBLE_COMMON",
  "NON_FUNGIBLE_UNIQUE"
]