org.hiero.sdk.java.AccountStakersQueryTest.shouldSerialize=[
  "# org.hiero.sdk.java.proto.Query\ncrypto_get_proxy_stakers {\n  account_i_d {\n    account_num: 5005\n    realm_num: 0\n    shard_num: 0\n  }\n  header {\n  }\n}"
]
