org.hiero.sdk.java.AssessedCustomFeeTest.fromProtobuf=[
  "AssessedCustomFee{amount=1, tokenId=2.3.4, feeCollectorAccountId=5.6.7, payerAccountIdList=[8.9.10, 11.12.13, 14.15.16]}"
]


org.hiero.sdk.java.AssessedCustomFeeTest.shouldSerialize=[
  "AssessedCustomFee{amount=201, tokenId=1.2.3, feeCollectorAccountId=4.5.6, payerAccountIdList=[0.0.1, 0.0.2, 0.0.3]}"
]


org.hiero.sdk.java.AssessedCustomFeeTest.toProtobuf=[
  "# org.hiero.sdk.java.proto.AssessedCustomFee@55ba505b\namount: 1\neffective_payer_account_id {\n  account_num: 10\n  realm_num: 9\n  shard_num: 8\n}\neffective_payer_account_id {\n  account_num: 13\n  realm_num: 12\n  shard_num: 11\n}\neffective_payer_account_id {\n  account_num: 16\n  realm_num: 15\n  shard_num: 14\n}\nfee_collector_account_id {\n  account_num: 7\n  realm_num: 6\n  shard_num: 5\n}\ntoken_id {\n  realm_num: 3\n  shard_num: 2\n  token_num: 4\n}"
]
