org.hiero.sdk.java.ContractNonceInfoTest.fromBytes=[
  "ContractNonceInfo{contractId=0.0.1, nonce=2}"
]


org.hiero.sdk.java.ContractNonceInfoTest.fromProtobuf=[
  "ContractNonceInfo{contractId=0.0.1, nonce=2}"
]


org.hiero.sdk.java.ContractNonceInfoTest.toBytes=[
  "0a0218011002"
]


org.hiero.sdk.java.ContractNonceInfoTest.toProtobuf=[
  {
    "memoizedHashCode": 0,
    "memoizedSerializedSize": 2147483647,
    "unknownFields": {
      "count": 0,
      "tags": [ ],
      "objects": [ ],
      "memoizedSerializedSize": 0,
      "isMutable": false
    },
    "bitField0_": 1,
    "contractId_": {
      "memoizedHashCode": 0,
      "memoizedSerializedSize": 2147483647,
      "unknownFields": {
        "count": 0,
        "tags": [ ],
        "objects": [ ],
        "memoizedSerializedSize": 0,
        "isMutable": false
      },
      "contractCase_": 3,
      "contract_": 1,
      "shardNum_": 0,
      "realmNum_": 0,
      "initialized": true
    },
    "nonce_": 2,
    "initialized": true
  }
]
