org.hiero.sdk.java.TokenAssociationTest.shouldSerializeAccount=[
  "TokenAssociation{tokenId=1.2.3, accountId=4.5.6}"
]
