org.hiero.sdk.java.TopicIdTest.fromBytes=[
  "0.0.5005"
]


org.hiero.sdk.java.TopicIdTest.fromSolidityAddress=[
  "0.0.5005"
]


org.hiero.sdk.java.TopicIdTest.shouldSerializeFromString=[
  "0.0.5005"
]


org.hiero.sdk.java.TopicIdTest.toBytes=[
  "188d27"
]


org.hiero.sdk.java.TopicIdTest.toSolidityAddress=[
  "000000000000000000000000000000000000138d"
]
