org.hiero.sdk.AccountInfoQueryTest.shouldSerialize=[
  "# org.hiero.sdk.proto.Query\ncrypto_get_info {\n  account_i_d {\n    account_num: 5005\n    realm_num: 0\n    shard_num: 0\n  }\n  header {\n  }\n}"
]
