org.hiero.sdk.ContractInfoQueryTest.shouldSerialize=[
  "# org.hiero.sdk.proto.Query\ncontract_get_info {\n  contract_i_d {\n    contract_num: 5005\n    realm_num: 0\n    shard_num: 0\n  }\n  header {\n  }\n}"
]
