com.hiero.sdk.AccountAllowanceApproveTransactionTest.shouldSerialize=[
  "# com.hiero.sdk.proto.TransactionBody\ncrypto_approve_allowance {\n  crypto_allowances {\n    amount: 300000000\n    spender {\n      account_num: 1\n      realm_num: 1\n      shard_num: 1\n    }\n  }\n  crypto_allowances {\n    amount: 300000000\n    owner {\n      account_num: 7\n      realm_num: 6\n      shard_num: 5\n    }\n    spender {\n      account_num: 1\n      realm_num: 1\n      shard_num: 1\n    }\n  }\n  nft_allowances {\n    serial_numbers: 123\n    serial_numbers: 456\n    spender {\n      account_num: 5\n      realm_num: 5\n      shard_num: 5\n    }\n    token_id {\n      realm_num: 4\n      shard_num: 4\n      token_num: 4\n    }\n  }\n  nft_allowances {\n    serial_numbers: 456\n    spender {\n      account_num: 5\n      realm_num: 5\n      shard_num: 5\n    }\n    token_id {\n      realm_num: 8\n      shard_num: 8\n      token_num: 8\n    }\n  }\n  nft_allowances {\n    serial_numbers: 789\n    spender {\n      account_num: 9\n      realm_num: 9\n      shard_num: 9\n    }\n    token_id {\n      realm_num: 4\n      shard_num: 4\n      token_num: 4\n    }\n  }\n  nft_allowances {\n    approved_for_all {\n      value: true\n    }\n    spender {\n      account_num: 7\n      realm_num: 7\n      shard_num: 7\n    }\n    token_id {\n      realm_num: 6\n      shard_num: 6\n      token_num: 6\n    }\n  }\n  nft_allowances {\n    owner {\n      account_num: 7\n      realm_num: 6\n      shard_num: 5\n    }\n    serial_numbers: 123\n    serial_numbers: 456\n    spender {\n      account_num: 5\n      realm_num: 5\n      shard_num: 5\n    }\n    token_id {\n      realm_num: 4\n      shard_num: 4\n      token_num: 4\n    }\n  }\n  nft_allowances {\n    owner {\n      account_num: 7\n      realm_num: 6\n      shard_num: 5\n    }\n    serial_numbers: 456\n    spender {\n      account_num: 5\n      realm_num: 5\n      shard_num: 5\n    }\n    token_id {\n      realm_num: 8\n      shard_num: 8\n      token_num: 8\n    }\n  }\n  nft_allowances {\n    owner {\n      account_num: 7\n      realm_num: 6\n      shard_num: 5\n    }\n    serial_numbers: 789\n    spender {\n      account_num: 9\n      realm_num: 9\n      shard_num: 9\n    }\n    token_id {\n      realm_num: 4\n      shard_num: 4\n      token_num: 4\n    }\n  }\n  nft_allowances {\n    approved_for_all {\n      value: true\n    }\n    owner {\n      account_num: 7\n      realm_num: 6\n      shard_num: 5\n    }\n    spender {\n      account_num: 7\n      realm_num: 7\n      shard_num: 7\n    }\n    token_id {\n      realm_num: 6\n      shard_num: 6\n      token_num: 6\n    }\n  }\n  token_allowances {\n    amount: 6\n    spender {\n      account_num: 3\n      realm_num: 3\n      shard_num: 3\n    }\n    token_id {\n      realm_num: 2\n      shard_num: 2\n      token_num: 2\n    }\n  }\n  token_allowances {\n    amount: 6\n    owner {\n      account_num: 7\n      realm_num: 6\n      shard_num: 5\n    }\n    spender {\n      account_num: 3\n      realm_num: 3\n      shard_num: 3\n    }\n    token_id {\n      realm_num: 2\n      shard_num: 2\n      token_num: 2\n    }\n  }\n}\nnode_account_i_d {\n  account_num: 5005\n  realm_num: 0\n  shard_num: 0\n}\ntransaction_fee: 100000\ntransaction_i_d {\n  account_i_d {\n    account_num: 5006\n    realm_num: 0\n    shard_num: 0\n  }\n  transaction_valid_start {\n    seconds: 1554158542\n  }\n}\ntransaction_valid_duration {\n  seconds: 120\n}"
]