com.hiero.sdk.SystemDeleteTransactionTest.shouldSerializeContract=[
  "# com.hiero.sdk.proto.TransactionBody\nnode_account_i_d {\n  account_num: 5005\n  realm_num: 0\n  shard_num: 0\n}\nsystem_delete {\n  contract_i_d {\n    contract_num: 444\n    realm_num: 0\n    shard_num: 0\n  }\n  expiration_time {\n    seconds: 1554158542\n  }\n}\ntransaction_fee: 100000000\ntransaction_i_d {\n  account_i_d {\n    account_num: 5006\n    realm_num: 0\n    shard_num: 0\n  }\n  transaction_valid_start {\n    seconds: 1554158542\n  }\n}\ntransaction_valid_duration {\n  seconds: 120\n}"
]


com.hiero.sdk.SystemDeleteTransactionTest.shouldSerializeFile=[
  "# com.hiero.sdk.proto.TransactionBody\nnode_account_i_d {\n  account_num: 5005\n  realm_num: 0\n  shard_num: 0\n}\nsystem_delete {\n  expiration_time {\n    seconds: 1554158542\n  }\n  file_i_d {\n    file_num: 444\n    realm_num: 0\n    shard_num: 0\n  }\n}\ntransaction_fee: 100000000\ntransaction_i_d {\n  account_i_d {\n    account_num: 5006\n    realm_num: 0\n    shard_num: 0\n  }\n  transaction_valid_start {\n    seconds: 1554158542\n  }\n}\ntransaction_valid_duration {\n  seconds: 120\n}"
]