com.hiero.sdk.TokenSupplyTypeTest.fromProtobuf=[
  "INFINITE",
  "FINITE"
]


com.hiero.sdk.TokenSupplyTypeTest.toProtobuf=[
  "INFINITE",
  "FINITE"
]