com.hiero.sdk.TokenAssociateTransactionTest.shouldSerialize=[
  "# com.hiero.sdk.proto.TransactionBody\nnode_account_i_d {\n  account_num: 5005\n  realm_num: 0\n  shard_num: 0\n}\ntoken_associate {\n  account {\n    account_num: 222\n    realm_num: 0\n    shard_num: 0\n  }\n  tokens {\n    realm_num: 0\n    shard_num: 0\n    token_num: 666\n  }\n}\ntransaction_fee: 100000000\ntransaction_i_d {\n  account_i_d {\n    account_num: 5006\n    realm_num: 0\n    shard_num: 0\n  }\n  transaction_valid_start {\n    seconds: 1554158542\n  }\n}\ntransaction_valid_duration {\n  seconds: 120\n}"
]