com.hiero.sdk.TopicIdTest.fromBytes=[
  "0.0.5005"
]


com.hiero.sdk.TopicIdTest.fromSolidityAddress=[
  "0.0.5005"
]


com.hiero.sdk.TopicIdTest.shouldSerializeFromString=[
  "0.0.5005"
]


com.hiero.sdk.TopicIdTest.toBytes=[
  "188d27"
]


com.hiero.sdk.TopicIdTest.toSolidityAddress=[
  "000000000000000000000000000000000000138d"
]
