com.hiero.sdk.TopicUpdateTransactionTest.clearShouldSerialize=[
  "# com.hiero.sdk.proto.TransactionBody\nconsensus_update_topic {\n  admin_key {\n    key_list {\n    }\n  }\n  auto_renew_account {\n    account_num: 0\n    realm_num: 0\n    shard_num: 0\n  }\n  memo {\n  }\n  submit_key {\n    key_list {\n    }\n  }\n  topic_i_d {\n    realm_num: 0\n    shard_num: 0\n    topic_num: 5007\n  }\n}\nnode_account_i_d {\n  account_num: 5005\n  realm_num: 0\n  shard_num: 0\n}\ntransaction_fee: 200000000\ntransaction_i_d {\n  account_i_d {\n    account_num: 5006\n    realm_num: 0\n    shard_num: 0\n  }\n  transaction_valid_start {\n    seconds: 1554158542\n  }\n}\ntransaction_valid_duration {\n  seconds: 120\n}"
]


com.hiero.sdk.TopicUpdateTransactionTest.setShouldSerialize=[
  "# com.hiero.sdk.proto.TransactionBody\nconsensus_update_topic {\n  admin_key {\n    ed25519: \"\\332\\207p\\020\\227\\206ns\\360\\335\\224,\\273>\\227\\0063)\\371\\005X\\206!\\261x\\322\\027Yh\\215G\\374\"\n  }\n  auto_renew_account {\n    account_num: 8\n    realm_num: 8\n    shard_num: 8\n  }\n  auto_renew_period {\n    seconds: 36000\n  }\n  expiration_time {\n    seconds: 1554158542\n  }\n  memo {\n    value: \"test memo\"\n  }\n  submit_key {\n    ed25519: \"\\373\\210\\2637\\337\\327ea{\\3442*\\347\\357\\2053\\326\\036d\\203\\005\\016 \\354HE\\2453\\275\\334\\244\\261\"\n  }\n  topic_i_d {\n    realm_num: 0\n    shard_num: 0\n    topic_num: 5007\n  }\n}\nnode_account_i_d {\n  account_num: 5005\n  realm_num: 0\n  shard_num: 0\n}\ntransaction_fee: 200000000\ntransaction_i_d {\n  account_i_d {\n    account_num: 5006\n    realm_num: 0\n    shard_num: 0\n  }\n  transaction_valid_start {\n    seconds: 1554158542\n  }\n}\ntransaction_valid_duration {\n  seconds: 120\n}"
]